Archive member included to satisfy reference by file (symbol)

C:/ST/STM32CubeIDE_1.16.1/STM32CubeIDE/plugins/com.st.stm32cube.ide.mcu.externaltools.gnu-tools-for-stm32.12.3.rel1.win32_1.0.200.202406191623/tools/bin/../lib/gcc/arm-none-eabi/12.3.1/../../../../arm-none-eabi/lib/thumb/v7e-m+fp/hard\libc_nano.a(libc_a-exit.o)
                              C:/ST/STM32CubeIDE_1.16.1/STM32CubeIDE/plugins/com.st.stm32cube.ide.mcu.externaltools.gnu-tools-for-stm32.12.3.rel1.win32_1.0.200.202406191623/tools/bin/../lib/gcc/arm-none-eabi/12.3.1/../../../../arm-none-eabi/lib/thumb/v7e-m+fp/hard/crt0.o (exit)
C:/ST/STM32CubeIDE_1.16.1/STM32CubeIDE/plugins/com.st.stm32cube.ide.mcu.externaltools.gnu-tools-for-stm32.12.3.rel1.win32_1.0.200.202406191623/tools/bin/../lib/gcc/arm-none-eabi/12.3.1/../../../../arm-none-eabi/lib/thumb/v7e-m+fp/hard\libc_nano.a(libc_a-findfp.o)
                              C:/ST/STM32CubeIDE_1.16.1/STM32CubeIDE/plugins/com.st.stm32cube.ide.mcu.externaltools.gnu-tools-for-stm32.12.3.rel1.win32_1.0.200.202406191623/tools/bin/../lib/gcc/arm-none-eabi/12.3.1/../../../../arm-none-eabi/lib/thumb/v7e-m+fp/hard\libc_nano.a(libc_a-exit.o) (__stdio_exit_handler)
C:/ST/STM32CubeIDE_1.16.1/STM32CubeIDE/plugins/com.st.stm32cube.ide.mcu.externaltools.gnu-tools-for-stm32.12.3.rel1.win32_1.0.200.202406191623/tools/bin/../lib/gcc/arm-none-eabi/12.3.1/../../../../arm-none-eabi/lib/thumb/v7e-m+fp/hard\libc_nano.a(libc_a-fwalk.o)
                              C:/ST/STM32CubeIDE_1.16.1/STM32CubeIDE/plugins/com.st.stm32cube.ide.mcu.externaltools.gnu-tools-for-stm32.12.3.rel1.win32_1.0.200.202406191623/tools/bin/../lib/gcc/arm-none-eabi/12.3.1/../../../../arm-none-eabi/lib/thumb/v7e-m+fp/hard\libc_nano.a(libc_a-findfp.o) (_fwalk_sglue)
C:/ST/STM32CubeIDE_1.16.1/STM32CubeIDE/plugins/com.st.stm32cube.ide.mcu.externaltools.gnu-tools-for-stm32.12.3.rel1.win32_1.0.200.202406191623/tools/bin/../lib/gcc/arm-none-eabi/12.3.1/../../../../arm-none-eabi/lib/thumb/v7e-m+fp/hard\libc_nano.a(libc_a-stdio.o)
                              C:/ST/STM32CubeIDE_1.16.1/STM32CubeIDE/plugins/com.st.stm32cube.ide.mcu.externaltools.gnu-tools-for-stm32.12.3.rel1.win32_1.0.200.202406191623/tools/bin/../lib/gcc/arm-none-eabi/12.3.1/../../../../arm-none-eabi/lib/thumb/v7e-m+fp/hard\libc_nano.a(libc_a-findfp.o) (__sread)
C:/ST/STM32CubeIDE_1.16.1/STM32CubeIDE/plugins/com.st.stm32cube.ide.mcu.externaltools.gnu-tools-for-stm32.12.3.rel1.win32_1.0.200.202406191623/tools/bin/../lib/gcc/arm-none-eabi/12.3.1/../../../../arm-none-eabi/lib/thumb/v7e-m+fp/hard\libc_nano.a(libc_a-memset.o)
                              C:/ST/STM32CubeIDE_1.16.1/STM32CubeIDE/plugins/com.st.stm32cube.ide.mcu.externaltools.gnu-tools-for-stm32.12.3.rel1.win32_1.0.200.202406191623/tools/bin/../lib/gcc/arm-none-eabi/12.3.1/../../../../arm-none-eabi/lib/thumb/v7e-m+fp/hard/crt0.o (memset)
C:/ST/STM32CubeIDE_1.16.1/STM32CubeIDE/plugins/com.st.stm32cube.ide.mcu.externaltools.gnu-tools-for-stm32.12.3.rel1.win32_1.0.200.202406191623/tools/bin/../lib/gcc/arm-none-eabi/12.3.1/../../../../arm-none-eabi/lib/thumb/v7e-m+fp/hard\libc_nano.a(libc_a-closer.o)
                              C:/ST/STM32CubeIDE_1.16.1/STM32CubeIDE/plugins/com.st.stm32cube.ide.mcu.externaltools.gnu-tools-for-stm32.12.3.rel1.win32_1.0.200.202406191623/tools/bin/../lib/gcc/arm-none-eabi/12.3.1/../../../../arm-none-eabi/lib/thumb/v7e-m+fp/hard\libc_nano.a(libc_a-stdio.o) (_close_r)
C:/ST/STM32CubeIDE_1.16.1/STM32CubeIDE/plugins/com.st.stm32cube.ide.mcu.externaltools.gnu-tools-for-stm32.12.3.rel1.win32_1.0.200.202406191623/tools/bin/../lib/gcc/arm-none-eabi/12.3.1/../../../../arm-none-eabi/lib/thumb/v7e-m+fp/hard\libc_nano.a(libc_a-reent.o)
                              C:/ST/STM32CubeIDE_1.16.1/STM32CubeIDE/plugins/com.st.stm32cube.ide.mcu.externaltools.gnu-tools-for-stm32.12.3.rel1.win32_1.0.200.202406191623/tools/bin/../lib/gcc/arm-none-eabi/12.3.1/../../../../arm-none-eabi/lib/thumb/v7e-m+fp/hard\libc_nano.a(libc_a-closer.o) (errno)
C:/ST/STM32CubeIDE_1.16.1/STM32CubeIDE/plugins/com.st.stm32cube.ide.mcu.externaltools.gnu-tools-for-stm32.12.3.rel1.win32_1.0.200.202406191623/tools/bin/../lib/gcc/arm-none-eabi/12.3.1/../../../../arm-none-eabi/lib/thumb/v7e-m+fp/hard\libc_nano.a(libc_a-impure.o)
                              C:/ST/STM32CubeIDE_1.16.1/STM32CubeIDE/plugins/com.st.stm32cube.ide.mcu.externaltools.gnu-tools-for-stm32.12.3.rel1.win32_1.0.200.202406191623/tools/bin/../lib/gcc/arm-none-eabi/12.3.1/../../../../arm-none-eabi/lib/thumb/v7e-m+fp/hard\libc_nano.a(libc_a-reent.o) (_impure_ptr)
C:/ST/STM32CubeIDE_1.16.1/STM32CubeIDE/plugins/com.st.stm32cube.ide.mcu.externaltools.gnu-tools-for-stm32.12.3.rel1.win32_1.0.200.202406191623/tools/bin/../lib/gcc/arm-none-eabi/12.3.1/../../../../arm-none-eabi/lib/thumb/v7e-m+fp/hard\libc_nano.a(libc_a-lseekr.o)
[...]
Memory Configuration

Name             Origin             Length             Attributes
FLASH            0x08000000         0x00080000         xr
RAM              0x20000000         0x00020000         xrw
*default*        0x00000000         0xffffffff

Linker script and memory map

LOAD C:/ST/STM32CubeIDE_1.16.1/STM32CubeIDE/plugins/com.st.stm32cube.ide.mcu.externaltools.gnu-tools-for-stm32.12.3.rel1.win32_1.0.200.202406191623/tools/bin/../lib/gcc/arm-none-eabi/12.3.1/thumb/v7e-m+fp/hard/crti.o
LOAD C:/ST/STM32CubeIDE_1.16.1/STM32CubeIDE/plugins/com.st.stm32cube.ide.mcu.externaltools.gnu-tools-for-stm32.12.3.rel1.win32_1.0.200.202406191623/tools/bin/../lib/gcc/arm-none-eabi/12.3.1/thumb/v7e-m+fp/hard/crtbegin.o
LOAD C:/ST/STM32CubeIDE_1.16.1/STM32CubeIDE/plugins/com.st.stm32cube.ide.mcu.externaltools.gnu-tools-for-stm32.12.3.rel1.win32_1.0.200.202406191623/tools/bin/../lib/gcc/arm-none-eabi/12.3.1/../../../../arm-none-eabi/lib/thumb/v7e-m+fp/hard/crt0.o
LOAD startup/stm32f411_periph.o
LOAD startup/sys_handlers.o
LOAD startup/system_stm32f4xx.o
LOAD STM32F4xx_HAL_Driver/src/stm32f4xx_ll_rcc.o
LOAD STM32F4xx_HAL_Driver/src/stm32f4xx_hal_i2c.o
LOAD STM32F4xx_HAL_Driver/src/util.o
LOAD STM32F4xx_HAL_Driver/src/stm32f4xx_hal.o
LOAD STM32F4xx_HAL_Driver/src/stm32f4xx_hal_cortex.o
LOAD STM32F4xx_HAL_Driver/src/stm32f4xx_hal_uart.o
LOAD STM32F4xx_HAL_Driver/src/stm32f4xx_hal_gpio.o
LOAD STM32F4xx_HAL_Driver/src/stm32f4xx_hal_tim.o
LOAD STM32F4xx_HAL_Driver/src/stm32f4xx_hal_spi.o
LOAD LSM6DS3/src/lsm6ds3.o
LOAD mbed_shield/src/leds.o
LOAD mbed_shield/src/sw.o
LOAD mbed_shield/src/lm75.o
LOAD mbed_shield/src/lcd_128x32.o
LOAD src/stm32f4xx_hal_msp.o
LOAD src/stm32f4xx_it.o
LOAD src/main.o
LOAD startup/startup_stm32f411xe.o
LOAD C:/ST/STM32CubeIDE_1.16.1/STM32CubeIDE/plugins/com.st.stm32cube.ide.mcu.externaltools.gnu-tools-for-stm32.12.3.rel1.win32_1.0.200.202406191623/tools/bin/../lib/gcc/arm-none-eabi/12.3.1/../../../../arm-none-eabi/lib/thumb/v7e-m+fp/hard\libc_nano.a
LOAD C:/ST/STM32CubeIDE_1.16.1/STM32CubeIDE/plugins/com.st.stm32cube.ide.mcu.externaltools.gnu-tools-for-stm32.12.3.rel1.win32_1.0.200.202406191623/tools/bin/../lib/gcc/arm-none-eabi/12.3.1/thumb/v7e-m+fp/hard\libgcc.a
LOAD C:/ST/STM32CubeIDE_1.16.1/STM32CubeIDE/plugins/com.st.stm32cube.ide.mcu.externaltools.gnu-tools-for-stm32.12.3.rel1.win32_1.0.200.202406191623/tools/bin/../lib/gcc/arm-none-eabi/12.3.1/thumb/v7e-m+fp/hard\libgcov.a
LOAD C:/ST/STM32CubeIDE_1.16.1/STM32CubeIDE/plugins/com.st.stm32cube.ide.mcu.externaltools.gnu-tools-for-stm32.12.3.rel1.win32_1.0.200.202406191623/tools/bin/../lib/gcc/arm-none-eabi/12.3.1/../../../../arm-none-eabi/lib/thumb/v7e-m+fp/hard\libm.a
START GROUP
LOAD C:/ST/STM32CubeIDE_1.16.1/STM32CubeIDE/plugins/com.st.stm32cube.ide.mcu.externaltools.gnu-tools-for-stm32.12.3.rel1.win32_1.0.200.202406191623/tools/bin/../lib/gcc/arm-none-eabi/12.3.1/thumb/v7e-m+fp/hard\libgcc.a
LOAD C:/ST/STM32CubeIDE_1.16.1/STM32CubeIDE/plugins/com.st.stm32cube.ide.mcu.externaltools.gnu-tools-for-stm32.12.3.rel1.win32_1.0.200.202406191623/tools/bin/../lib/gcc/arm-none-eabi/12.3.1/../../../../arm-none-eabi/lib/thumb/v7e-m+fp/hard\libc_nano.a
END GROUP
START GROUP
LOAD C:/ST/STM32CubeIDE_1.16.1/STM32CubeIDE/plugins/com.st.stm32cube.ide.mcu.externaltools.gnu-tools-for-stm32.12.3.rel1.win32_1.0.200.202406191623/tools/bin/../lib/gcc/arm-none-eabi/12.3.1/thumb/v7e-m+fp/hard\libgcc.a
LOAD C:/ST/STM32CubeIDE_1.16.1/STM32CubeIDE/plugins/com.st.stm32cube.ide.mcu.externaltools.gnu-tools-for-stm32.12.3.rel1.win32_1.0.200.202406191623/tools/bin/../lib/gcc/arm-none-eabi/12.3.1/../../../../arm-none-eabi/lib/thumb/v7e-m+fp/hard\libc_nano.a
LOAD C:/ST/STM32CubeIDE_1.16.1/STM32CubeIDE/plugins/com.st.stm32cube.ide.mcu.externaltools.gnu-tools-for-stm32.12.3.rel1.win32_1.0.200.202406191623/tools/bin/../lib/gcc/arm-none-eabi/12.3.1/../../../../arm-none-eabi/lib/thumb/v7e-m+fp/hard\libnosys.a
END GROUP
START GROUP
LOAD C:/ST/STM32CubeIDE_1.16.1/STM32CubeIDE/plugins/com.st.stm32cube.ide.mcu.externaltools.gnu-tools-for-stm32.12.3.rel1.win32_1.0.200.202406191623/tools/bin/../lib/gcc/arm-none-eabi/12.3.1/thumb/v7e-m+fp/hard\libgcc.a
LOAD C:/ST/STM32CubeIDE_1.16.1/STM32CubeIDE/plugins/com.st.stm32cube.ide.mcu.externaltools.gnu-tools-for-stm32.12.3.rel1.win32_1.0.200.202406191623/tools/bin/../lib/gcc/arm-none-eabi/12.3.1/../../../../arm-none-eabi/lib/thumb/v7e-m+fp/hard\libc_nano.a
LOAD C:/ST/STM32CubeIDE_1.16.1/STM32CubeIDE/plugins/com.st.stm32cube.ide.mcu.externaltools.gnu-tools-for-stm32.12.3.rel1.win32_1.0.200.202406191623/tools/bin/../lib/gcc/arm-none-eabi/12.3.1/../../../../arm-none-eabi/lib/thumb/v7e-m+fp/hard\libnosys.a
END GROUP
LOAD C:/ST/STM32CubeIDE_1.16.1/STM32CubeIDE/plugins/com.st.stm32cube.ide.mcu.externaltools.gnu-tools-for-stm32.12.3.rel1.win32_1.0.200.202406191623/tools/bin/../lib/gcc/arm-none-eabi/12.3.1/thumb/v7e-m+fp/hard/crtend.o
LOAD C:/ST/STM32CubeIDE_1.16.1/STM32CubeIDE/plugins/com.st.stm32cube.ide.mcu.externaltools.gnu-tools-for-stm32.12.3.rel1.win32_1.0.200.202406191623/tools/bin/../lib/gcc/arm-none-eabi/12.3.1/thumb/v7e-m+fp/hard/crtn.o
                0x20020000                        _estack = 0x20020000
                0x00000200                        _Min_Heap_Size = 0x200
                0x00000400                        _Min_Stack_Size = 0x400

.isr_vector     0x08000000      0x198
                0x08000000                        . = ALIGN (0x4)
 *(.isr_vector)
 .isr_vector    0x08000000      0x198 startup/startup_stm32f411xe.o
                0x08000000                g_pfnVectors
                0x08000198                        . = ALIGN (0x4)

.text           0x08000198     0x3840
                0x08000198                        . = ALIGN (0x4)
 *(.text)
 .text          0x08000198       0x40 C:/ST/STM32CubeIDE_1.16.1/STM32CubeIDE/plugins/com.st.stm32cube.ide.mcu.externaltools.gnu-tools-for-stm32.12.3.rel1.win32_1.0.200.202406191623/tools/bin/../lib/gcc/arm-none-eabi/12.3.1/thumb/v7e-m+fp/hard/crtbegin.o
 .text          0x080001d8       0x20 startup/sys_handlers.o
                0x080001d8                NMI_Handler
                0x080001dc                HardFault_Handler
                0x080001e0                MemManage_Handler
                0x080001e4                BusFault_Handler
                0x080001e8                UsageFault_Handler
                0x080001ec                SVC_Handler
                0x080001f0                DebugMon_Handler
                0x080001f4                PendSV_Handler
 .text          0x080001f8      0x16c startup/system_stm32f4xx.o
                0x080001f8                SystemInit
                0x0800026c                SystemCoreClockUpdate
 .text          0x08000364      0x3ec STM32F4xx_HAL_Driver/src/stm32f4xx_ll_rcc.o
                0x08000574                rcc_config_clock
 .text          0x08000750      0x4d8 STM32F4xx_HAL_Driver/src/stm32f4xx_hal_i2c.o
                0x08000750                HAL_I2C_EV_IRQHandler
                0x0800092c                HAL_I2C_ER_IRQHandler
                0x080009c2                HAL_I2C_Init
                0x08000a78                HAL_I2C_Master_Transmit_IT
                0x08000b0a                HAL_I2C_Master_Receive_IT
                0x08000b9c                HAL_I2C_Master_Transmit_Receive_IT
 .text          0x08000c28      0x34c STM32F4xx_HAL_Driver/src/util.o
                0x08000c28                num2str
                0x08000cc4                str2num
                0x08000d5e                reverse
                0x08000db2                intToStr
                0x08000e40                float2str
                0x08000ee0                myPow
 .text          0x08000f74      0x268 STM32F4xx_HAL_Driver/src/stm32f4xx_hal.o
                0x08000f74                HAL_Init
                0x08000f8c                HAL_DeInit
                0x08000f9c                HAL_MspDeInit
                0x08000fa0                HAL_InitTick
                0x08001000                HAL_IncTick
                0x0800101c                HAL_GetTick
                0x08001028                HAL_GetTickPrio
                0x08001034                HAL_SetTickFreq
                0x0800107c                HAL_GetTickFreq
                0x08001088                HAL_Delay
                0x080010cc                HAL_SuspendTick
                0x080010e0                HAL_ResumeTick
                0x080010f4                HAL_GetHalVersion
                0x08001100                HAL_GetREVID
                0x08001110                HAL_GetDEVID
                0x08001120                HAL_DBGMCU_EnableDBGSleepMode
                0x08001134                HAL_DBGMCU_DisableDBGSleepMode
                0x08001148                HAL_DBGMCU_EnableDBGStopMode
                0x0800115c                HAL_DBGMCU_DisableDBGStopMode
                0x08001170                HAL_DBGMCU_EnableDBGStandbyMode
                0x08001184                HAL_DBGMCU_DisableDBGStandbyMode
                0x08001198                HAL_EnableCompensationCell
                0x080011a8                HAL_DisableCompensationCell
                0x080011b8                HAL_GetUIDw0
                0x080011c4                HAL_GetUIDw1
                0x080011d0                HAL_GetUIDw2
 .text          0x080011dc      0x59c STM32F4xx_HAL_Driver/src/stm32f4xx_hal_cortex.o
                0x08001510                HAL_NVIC_SetPriorityGrouping
                0x08001524                HAL_NVIC_SetPriority
                0x0800155c                HAL_NVIC_EnableIRQ
                0x08001578                HAL_NVIC_DisableIRQ
                0x08001594                HAL_NVIC_SystemReset
                0x0800159e                HAL_SYSTICK_Config
                0x080015b4                HAL_MPU_Disable
                0x080015d8                HAL_MPU_Enable
                0x0800160c                HAL_MPU_ConfigRegion
                0x0800168c                HAL_NVIC_GetPriorityGrouping
                0x08001698                HAL_NVIC_GetPriority
                0x080016c4                HAL_NVIC_SetPendingIRQ
                0x080016e0                HAL_NVIC_GetPendingIRQ
                0x080016fe                HAL_NVIC_ClearPendingIRQ
                0x0800171a                HAL_NVIC_GetActive
                0x08001738                HAL_SYSTICK_CLKSourceConfig
                0x08001768                HAL_SYSTICK_IRQHandler
                0x08001772                HAL_SYSTICK_Callback
 .text          0x08001778      0x52c STM32F4xx_HAL_Driver/src/stm32f4xx_hal_uart.o
                0x08001778                UART_Receive_IT
                0x080017c8                HAL_USART_IRQHandler
                0x08001824                HAL_UART_Init
                0x080018d8                HAL_UART_Transmit
                0x08001922                HAL_UART_Receive
                0x0800196a                HAL_UART_Receive_IT
                0x080019a4                uart_putc
                0x080019d0                uart_puts
                0x08001a0a                uart_printf
 .text          0x08001ca4      0x3c8 STM32F4xx_HAL_Driver/src/stm32f4xx_hal_gpio.o
                0x08001ca4                HAL_GPIO_EXTI_IRQHandler
                0x08001ce0                HAL_GPIO_Init
                0x08001fdc                HAL_GPIO_ReadPort
                0x08001ff6                HAL_GPIO_ReadPin
                0x08002016                HAL_GPIO_WritePort
                0x0800202c                HAL_GPIO_WritePin
 .text          0x0800206c      0x3a4 STM32F4xx_HAL_Driver/src/stm32f4xx_hal_tim.o
                0x0800206c                HAL_TIM_IRQHandler
                0x08002090                HAL_TIM_wait_ms
                0x0800209e                HAL_TIM_wait_us
                0x080020ac                HAL_TIM_Base_Init
                0x080020ec                HAL_TIM_Base_Start
                0x080020f6                HAL_TIM_Base_Start_IT
                0x08002100                HAL_TIM_Base_Stop
                0x0800210a                HAL_TIM_Base_Stop_IT
                0x08002114                HAL_TIM_PWM_Init
                0x08002156                HAL_TIM_PWM_ConfigChannel
                0x08002350                HAL_TIM_PWM_Channel_Set
 .text          0x08002410      0x1dc STM32F4xx_HAL_Driver/src/stm32f4xx_hal_spi.o
                0x08002410                HAL_SPI_IRQHandler
                0x080024b4                HAL_SPI_Init
                0x08002538                HAL_SPI_Transmit_IT
                0x080025aa                HAL_SPI_Write_Byte
 .text          0x080025ec      0x4a0 LSM6DS3/src/lsm6ds3.o
                0x080025ec                LSM6DS3_Init
                0x080025fe                LSM6DS3_WhoAmI
                0x08002624                LSM6DS3_WriteReg
                0x08002666                LSM6DS3_ReadReg
                0x080026be                LSM6DS3_SetAccelerometerConfig
                0x080026f0                LSM6DS3_SetGyroscopeConfig
                0x08002722                LSM6DS3_ReadAccelerometer
                0x08002890                LSM6DS3_ReadGyroscope
                0x080029e8                LSM6DS3_ReadTemperature
 .text          0x08002a8c      0x3c0 src/stm32f4xx_hal_msp.o
                0x08002b08                HAL_MspInit
                0x08002b78                HAL_GPIO_LEDS_MspInit
                0x08002c00                HAL_GPIO_SWITCHS_MspInit
                0x08002c04                HAL_TIM2_MspInit
                0x08002c2c                HAL_TIM5_MspInit
                0x08002c54                HAL_UART2_MspInit
                0x08002ccc                HAL_UART1_MspInit
                0x08002d48                HAL_LCD_MspInit
                0x08002de0                HAL_I2C1_MspInit
 .text          0x08002e4c       0x94 src/stm32f4xx_it.o
                0x08002e4c                SysTick_Handler
                0x08002e5a                TIM5_IRQHandler
                0x08002e6c                USART2_IRQHandler
                0x08002e7c                I2C1_EV_IRQHandler
                0x08002e8c                I2C1_ER_IRQHandler
                0x08002e9c                EXTI15_10_IRQHandler
                0x08002eaa                EXTI4_IRQHandler
                0x08002eb6                EXTI0_IRQHandler
                0x08002ec2                EXTI1_IRQHandler
                0x08002ece                SPI1_IRQHandler
 .text          0x08002ee0      0x20c src/main.o
                0x08002ee0                HAL_GPIO_EXTI_Callback
                0x08002eee                HAL_UART_RxCpltCallback
                0x08002ef8                HAL_TIM_PeriodElapsedCallback
                0x08002f02                main
 .text          0x080030ec      0x378 C:/ST/STM32CubeIDE_1.16.1/STM32CubeIDE/plugins/com.st.stm32cube.ide.mcu.externaltools.gnu-tools-for-stm32.12.3.rel1.win32_1.0.200.202406191623/tools/bin/../lib/gcc/arm-none-eabi/12.3.1/thumb/v7e-m+fp/hard\libgcc.a(_arm_addsubdf3.o)
                0x080030ec                __aeabi_drsub
                0x080030f4                __aeabi_dsub
                0x080030f4                __subdf3
                0x080030f8                __aeabi_dadd
                0x080030f8                __adddf3
                0x08003370                __floatunsidf
                0x08003370                __aeabi_ui2d
                0x08003390                __floatsidf
                0x08003390                __aeabi_i2d
                0x080033b4                __aeabi_f2d
                0x080033b4                __extendsfdf2
                0x080033f8                __floatundidf
                0x080033f8                __aeabi_ul2d
                0x08003408                __floatdidf
                0x08003408                __aeabi_l2d
 .text          0x08003464      0x424 C:/ST/STM32CubeIDE_1.16.1/STM32CubeIDE/plugins/com.st.stm32cube.ide.mcu.externaltools.gnu-tools-for-stm32.12.3.rel1.win32_1.0.200.202406191623/tools/bin/../lib/gcc/arm-none-eabi/12.3.1/thumb/v7e-m+fp/hard\libgcc.a(_arm_muldivdf3.o)
                0x08003464                __aeabi_dmul
                0x08003464                __muldf3
                0x080036b8                __divdf3
                0x080036b8                __aeabi_ddiv
 .text          0x08003888       0xa0 C:/ST/STM32CubeIDE_1.16.1/STM32CubeIDE/plugins/com.st.stm32cube.ide.mcu.externaltools.gnu-tools-for-stm32.12.3.rel1.win32_1.0.200.202406191623/tools/bin/../lib/gcc/arm-none-eabi/12.3.1/thumb/v7e-m+fp/hard\libgcc.a(_arm_truncdfsf2.o)
                0x08003888                __truncdfsf2
                0x08003888                __aeabi_d2f
 *(.text*)
 .text.Reset_Handler
                0x08003928       0x4c startup/startup_stm32f411xe.o
                0x08003928                Reset_Handler
                0x0800395a                _exit
 .text.Default_Handler
                0x08003974        0x2 startup/startup_stm32f411xe.o
                0x08003974                RTC_Alarm_IRQHandler
                0x08003974                EXTI2_IRQHandler
                0x08003974                SPI4_IRQHandler
                0x08003974                TIM1_CC_IRQHandler
                0x08003974                DMA2_Stream5_IRQHandler
                0x08003974                DMA1_Stream5_IRQHandler
                0x08003974                PVD_IRQHandler
                0x08003974                SDIO_IRQHandler
                0x08003974                TAMP_STAMP_IRQHandler
                0x08003974                EXTI3_IRQHandler
                0x08003974                TIM1_UP_TIM10_IRQHandler
                0x08003974                I2C3_ER_IRQHandler
                0x08003974                I2C2_EV_IRQHandler
                0x08003974                DMA1_Stream2_IRQHandler
                0x08003974                FPU_IRQHandler
                0x08003974                DMA2_Stream2_IRQHandler
                0x08003974                TIM1_BRK_TIM9_IRQHandler
                0x08003974                DMA2_Stream3_IRQHandler
                0x08003974                USART6_IRQHandler
                0x08003974                DMA2_Stream0_IRQHandler
                0x08003974                TIM4_IRQHandler
                0x08003974                DMA1_Stream6_IRQHandler
                0x08003974                DMA1_Stream1_IRQHandler
                0x08003974                TIM3_IRQHandler
                0x08003974                RCC_IRQHandler
                0x08003974                Default_Handler
                0x08003974                ADC_IRQHandler
                0x08003974                DMA1_Stream7_IRQHandler
                0x08003974                SPI5_IRQHandler
                0x08003974                DMA2_Stream7_IRQHandler
                0x08003974                I2C3_EV_IRQHandler
                0x08003974                EXTI9_5_IRQHandler
                0x08003974                RTC_WKUP_IRQHandler
                0x08003974                SPI2_IRQHandler
                0x08003974                DMA1_Stream0_IRQHandler
                0x08003974                WWDG_IRQHandler
                0x08003974                TIM2_IRQHandler
                0x08003974                OTG_FS_WKUP_IRQHandler
                0x08003974                TIM1_TRG_COM_TIM11_IRQHandler
                0x08003974                I2C2_ER_IRQHandler
                0x08003974                DMA2_Stream1_IRQHandler
                0x08003974                FLASH_IRQHandler
                0x08003974                DMA2_Stream4_IRQHandler
                0x08003974                USART1_IRQHandler
                0x08003974                OTG_FS_IRQHandler
                0x08003974                SPI3_IRQHandler
                0x08003974                DMA1_Stream4_IRQHandler
                0x08003974                DMA2_Stream6_IRQHandler
                0x08003974                DMA1_Stream3_IRQHandler
 *fill*         0x08003976        0x2 
 .text.__libc_init_array
                0x08003978       0x48 C:/ST/STM32CubeIDE_1.16.1/STM32CubeIDE/plugins/com.st.stm32cube.ide.mcu.externaltools.gnu-tools-for-stm32.12.3.rel1.win32_1.0.200.202406191623/tools/bin/../lib/gcc/arm-none-eabi/12.3.1/../../../../arm-none-eabi/lib/thumb/v7e-m+fp/hard\libc_nano.a(libc_a-init.o)
                0x08003978                __libc_init_array
 *(.glue_7)
 .glue_7        0x080039c0        0x0 linker stubs
 *(.glue_7t)
 .glue_7t       0x080039c0        0x0 linker stubs
 *(.eh_frame)
 .eh_frame      0x080039c0        0x0 C:/ST/STM32CubeIDE_1.16.1/STM32CubeIDE/plugins/com.st.stm32cube.ide.mcu.externaltools.gnu-tools-for-stm32.12.3.rel1.win32_1.0.200.202406191623/tools/bin/../lib/gcc/arm-none-eabi/12.3.1/thumb/v7e-m+fp/hard/crtbegin.o
 *(.init)
 .init          0x080039c0        0x4 C:/ST/STM32CubeIDE_1.16.1/STM32CubeIDE/plugins/com.st.stm32cube.ide.mcu.externaltools.gnu-tools-for-stm32.12.3.rel1.win32_1.0.200.202406191623/tools/bin/../lib/gcc/arm-none-eabi/12.3.1/thumb/v7e-m+fp/hard/crti.o
                0x080039c0                _init
 .init          0x080039c4        0x8 C:/ST/STM32CubeIDE_1.16.1/STM32CubeIDE/plugins/com.st.stm32cube.ide.mcu.externaltools.gnu-tools-for-stm32.12.3.rel1.win32_1.0.200.202406191623/tools/bin/../lib/gcc/arm-none-eabi/12.3.1/thumb/v7e-m+fp/hard/crtn.o
 *(.fini)
 .fini          0x080039cc        0x4 C:/ST/STM32CubeIDE_1.16.1/STM32CubeIDE/plugins/com.st.stm32cube.ide.mcu.externaltools.gnu-tools-for-stm32.12.3.rel1.win32_1.0.200.202406191623/tools/bin/../lib/gcc/arm-none-eabi/12.3.1/thumb/v7e-m+fp/hard/crti.o
                0x080039cc                _fini
 .fini          0x080039d0        0x8 C:/ST/STM32CubeIDE_1.16.1/STM32CubeIDE/plugins/com.st.stm32cube.ide.mcu.externaltools.gnu-tools-for-stm32.12.3.rel1.win32_1.0.200.202406191623/tools/bin/../lib/gcc/arm-none-eabi/12.3.1/thumb/v7e-m+fp/hard/crtn.o
                0x080039d8                        . = ALIGN (0x4)
                0x080039d8                        _etext = .

.vfp11_veneer   0x080039d8        0x0
 .vfp11_veneer  0x080039d8        0x0 linker stubs

.v4_bx          0x080039d8        0x0
 .v4_bx         0x080039d8        0x0 linker stubs

.iplt           0x080039d8        0x0
 .iplt          0x080039d8        0x0 C:/ST/STM32CubeIDE_1.16.1/STM32CubeIDE/plugins/com.st.stm32cube.ide.mcu.externaltools.gnu-tools-for-stm32.12.3.rel1.win32_1.0.200.202406191623/tools/bin/../lib/gcc/arm-none-eabi/12.3.1/thumb/v7e-m+fp/hard/crtbegin.o

.rodata         0x080039d8      0x8a4
                0x080039d8                        . = ALIGN (0x4)
 *(.rodata)
 .rodata        0x080039d8       0x24 C:/ST/STM32CubeIDE_1.16.1/STM32CubeIDE/plugins/com.st.stm32cube.ide.mcu.externaltools.gnu-tools-for-stm32.12.3.rel1.win32_1.0.200.202406191623/tools/bin/../lib/gcc/arm-none-eabi/12.3.1/thumb/v7e-m+fp/hard/crtbegin.o
 .rodata        0x080039fc      0x114 startup/stm32f411_periph.o
                0x080039fc                _SCnSCB
                0x08003a00                _SCB
                0x08003a04                _SysTick
                0x08003a08                _NVIC
                0x08003a0c                _ITM
                0x08003a10                _DWT
                0x08003a14                _TPI
                0x08003a18                _CoreDebug
                0x08003a1c                _MPU
                0x08003a20                _FPU
                0x08003a24                _TIM2
                0x08003a28                _TIM3
                0x08003a2c                _TIM4
                0x08003a30                _TIM5
                0x08003a34                _RTC
                0x08003a38                _WWDG
                0x08003a3c                _IWDG
                0x08003a40                _I2S2ext
                0x08003a44                _SPI2
                0x08003a48                _SPI3
                0x08003a4c                _I2S3ext
                0x08003a50                _USART2
                0x08003a54                _I2C1
                0x08003a58                _I2C2
                0x08003a5c                _I2C3
                0x08003a60                _PWR
                0x08003a64                _TIM1
                0x08003a68                _USART1
                0x08003a6c                _USART6
                0x08003a70                _ADC1
                0x08003a74                _ADC
                0x08003a78                _SDIO
                0x08003a7c                _SPI1
                0x08003a80                _SPI4
                0x08003a84                _SYSCFG
                0x08003a88                _EXTI
                0x08003a8c                _TIM9
                0x08003a90                _TIM10
                0x08003a94                _TIM11
                0x08003a98                _SPI5
                0x08003a9c                _GPIOA
                0x08003aa0                _GPIOB
                0x08003aa4                _GPIOC
                0x08003aa8                _GPIOD
                0x08003aac                _GPIOE
                0x08003ab0                _GPIOH
                0x08003ab4                _CRC
                0x08003ab8                _RCC
                0x08003abc                _FLASH
                0x08003ac0                _DMA1
                0x08003ac4                _DMA1_Stream0
                0x08003ac8                _DMA1_Stream1
                0x08003acc                _DMA1_Stream2
                0x08003ad0                _DMA1_Stream3
                0x08003ad4                _DMA1_Stream4
                0x08003ad8                _DMA1_Stream5
                0x08003adc                _DMA1_Stream6
                0x08003ae0                _DMA1_Stream7
                0x08003ae4                _DMA2
                0x08003ae8                _DMA2_Stream0
                0x08003aec                _DMA2_Stream1
                0x08003af0                _DMA2_Stream2
                0x08003af4                _DMA2_Stream3
                0x08003af8                _DMA2_Stream4
                0x08003afc                _DMA2_Stream5
                0x08003b00                _DMA2_Stream6
                0x08003b04                _DMA2_Stream7
                0x08003b08                _DBGMCU
                0x08003b0c                _USB_OTG_FS
 .rodata        0x08003b10       0x10 startup/system_stm32f4xx.o
                0x08003b10                AHBPrescTable
 .rodata        0x08003b20      0x724 mbed_shield/src/lcd_128x32.o
 .rodata        0x08004244       0x13 src/main.o
 *fill*         0x08004257        0x1 
 .rodata        0x08004258       0x24 C:/ST/STM32CubeIDE_1.16.1/STM32CubeIDE/plugins/com.st.stm32cube.ide.mcu.externaltools.gnu-tools-for-stm32.12.3.rel1.win32_1.0.200.202406191623/tools/bin/../lib/gcc/arm-none-eabi/12.3.1/thumb/v7e-m+fp/hard/crtend.o
 *(.rodata*)
                0x0800427c                        . = ALIGN (0x4)

.rel.dyn        0x0800427c        0x0
 .rel.iplt      0x0800427c        0x0 C:/ST/STM32CubeIDE_1.16.1/STM32CubeIDE/plugins/com.st.stm32cube.ide.mcu.externaltools.gnu-tools-for-stm32.12.3.rel1.win32_1.0.200.202406191623/tools/bin/../lib/gcc/arm-none-eabi/12.3.1/thumb/v7e-m+fp/hard/crtbegin.o

.ARM.extab
 *(.ARM.extab* .gnu.linkonce.armextab.*)

.ARM            0x0800427c        0x0
                0x0800427c                        __exidx_start = .
 *(.ARM.exidx*)
                0x0800427c                        __exidx_end = .

.preinit_array  0x0800427c        0x0
                0x0800427c                        PROVIDE (__preinit_array_start = .)
 *(.preinit_array*)
                0x0800427c                        PROVIDE (__preinit_array_end = .)

.init_array     0x0800427c        0x4
                0x0800427c                        PROVIDE (__init_array_start = .)
 *(SORT_BY_NAME(.init_array.*))
 *(.init_array*)
 .init_array    0x0800427c        0x4 C:/ST/STM32CubeIDE_1.16.1/STM32CubeIDE/plugins/com.st.stm32cube.ide.mcu.externaltools.gnu-tools-for-stm32.12.3.rel1.win32_1.0.200.202406191623/tools/bin/../lib/gcc/arm-none-eabi/12.3.1/thumb/v7e-m+fp/hard/crtbegin.o
                0x08004280                        PROVIDE (__init_array_end = .)

.fini_array     0x08004280        0x4
                [!provide]                        PROVIDE (__fini_array_start = .)
 *(SORT_BY_NAME(.fini_array.*))
 *(.fini_array*)
 .fini_array    0x08004280        0x4 C:/ST/STM32CubeIDE_1.16.1/STM32CubeIDE/plugins/com.st.stm32cube.ide.mcu.externaltools.gnu-tools-for-stm32.12.3.rel1.win32_1.0.200.202406191623/tools/bin/../lib/gcc/arm-none-eabi/12.3.1/thumb/v7e-m+fp/hard/crtbegin.o
                [!provide]                        PROVIDE (__fini_array_end = .)
                0x08004284                        _sidata = LOADADDR (.data)

.data           0x20000000       0xc8 load address 0x08004284
                0x20000000                        . = ALIGN (0x4)
                0x20000000                        _sdata = .
 *(.data)
 .data          0x20000000        0x4 startup/system_stm32f4xx.o
                0x20000000                SystemCoreClock
 .data          0x20000004       0xa8 STM32F4xx_HAL_Driver/src/stm32f4xx_ll_rcc.o
 .data          0x200000ac       0x11 STM32F4xx_HAL_Driver/src/util.o
 *fill*         0x200000bd        0x3 
 .data          0x200000c0        0x5 STM32F4xx_HAL_Driver/src/stm32f4xx_hal.o
                0x200000c0                uwTickPrio
                0x200000c4                uwTickFreq
 *(.data*)
                0x200000c8                        . = ALIGN (0x4)
 *fill*         0x200000c5        0x3 
                0x200000c8                        _edata = .

.igot.plt       0x200000c8        0x0 load address 0x0800434c
 .igot.plt      0x200000c8        0x0 C:/ST/STM32CubeIDE_1.16.1/STM32CubeIDE/plugins/com.st.stm32cube.ide.mcu.externaltools.gnu-tools-for-stm32.12.3.rel1.win32_1.0.200.202406191623/tools/bin/../lib/gcc/arm-none-eabi/12.3.1/thumb/v7e-m+fp/hard/crtbegin.o
                0x200000c8                        . = ALIGN (0x4)

.bss            0x200000c8      0x378 load address 0x0800434c
                0x200000c8                        _sbss = .
                0x200000c8                        __bss_start__ = _sbss
 *(.bss)
 .bss           0x200000c8       0x1c C:/ST/STM32CubeIDE_1.16.1/STM32CubeIDE/plugins/com.st.stm32cube.ide.mcu.externaltools.gnu-tools-for-stm32.12.3.rel1.win32_1.0.200.202406191623/tools/bin/../lib/gcc/arm-none-eabi/12.3.1/thumb/v7e-m+fp/hard/crtbegin.o
 .bss           0x200000e4       0x14 startup/system_stm32f4xx.o
                0x200000e4                sysclks
 .bss           0x200000f8        0x4 STM32F4xx_HAL_Driver/src/stm32f4xx_hal_i2c.o
                0x200000f8                nb_irqs_i2c
 .bss           0x200000fc        0x4 STM32F4xx_HAL_Driver/src/stm32f4xx_hal.o
                0x200000fc                uwTick
 .bss           0x20000100       0x10 STM32F4xx_HAL_Driver/src/stm32f4xx_hal_spi.o
                0x20000100                cpt
                0x20000104                cpt1
                0x20000108                cpt2
                0x2000010c                sr
 .bss           0x20000110      0x264 mbed_shield/src/lcd_128x32.o
                0x20000320                hspi1
 .bss           0x20000374       0xcc src/main.o
                0x20000374                htim3
                0x20000388                htim5
                0x2000039c                huart2
                0x200003cc                huart1
                0x200003fc                hi2c1
 *(.bss*)
 *(COMMON)
                0x20000440                        . = ALIGN (0x4)
                0x20000440                        _ebss = .
                0x20000440                        __bss_end__ = _ebss

._user_heap_stack
                0x20000440      0x600 load address 0x0800434c
                0x20000440                        . = ALIGN (0x4)
                0x20000440                        PROVIDE (end = .)
                [!provide]                        PROVIDE (_end = .)
                0x20000640                        . = (. + _Min_Heap_Size)
 *fill*         0x20000440      0x200 
                0x20000a40                        . = (. + _Min_Stack_Size)
 *fill*         0x20000640      0x400 
                0x20000a40                        . = ALIGN (0x4)

/DISCARD/
 libc.a(*)
 libm.a(*)
 libgcc.a(*)

.ARM.attributes
                0x00000000       0x30
 *(.ARM.attributes)
 .ARM.attributes
                0x00000000       0x22 C:/ST/STM32CubeIDE_1.16.1/STM32CubeIDE/plugins/com.st.stm32cube.ide.mcu.externaltools.gnu-tools-for-stm32.12.3.rel1.win32_1.0.200.202406191623/tools/bin/../lib/gcc/arm-none-eabi/12.3.1/thumb/v7e-m+fp/hard/crti.o
 .ARM.attributes
                0x00000022       0x34 C:/ST/STM32CubeIDE_1.16.1/STM32CubeIDE/plugins/com.st.stm32cube.ide.mcu.externaltools.gnu-tools-for-stm32.12.3.rel1.win32_1.0.200.202406191623/tools/bin/../lib/gcc/arm-none-eabi/12.3.1/thumb/v7e-m+fp/hard/crtbegin.o
 .ARM.attributes
                0x00000056       0x34 startup/stm32f411_periph.o
 .ARM.attributes
                0x0000008a       0x34 startup/sys_handlers.o
 .ARM.attributes
                0x000000be       0x34 startup/system_stm32f4xx.o
 .ARM.attributes
                0x000000f2       0x34 STM32F4xx_HAL_Driver/src/stm32f4xx_ll_rcc.o
 .ARM.attributes
                0x00000126       0x34 STM32F4xx_HAL_Driver/src/stm32f4xx_hal_i2c.o
 .ARM.attributes
                0x0000015a       0x34 STM32F4xx_HAL_Driver/src/util.o
 .ARM.attributes
                0x0000018e       0x34 STM32F4xx_HAL_Driver/src/stm32f4xx_hal.o
 .ARM.attributes
                0x000001c2       0x34 STM32F4xx_HAL_Driver/src/stm32f4xx_hal_cortex.o
 .ARM.attributes
                0x000001f6       0x34 STM32F4xx_HAL_Driver/src/stm32f4xx_hal_uart.o
 .ARM.attributes
                0x0000022a       0x34 STM32F4xx_HAL_Driver/src/stm32f4xx_hal_gpio.o
 .ARM.attributes
                0x0000025e       0x34 STM32F4xx_HAL_Driver/src/stm32f4xx_hal_tim.o
 .ARM.attributes
                0x00000292       0x34 STM32F4xx_HAL_Driver/src/stm32f4xx_hal_spi.o
 .ARM.attributes
                0x000002c6       0x34 LSM6DS3/src/lsm6ds3.o
 .ARM.attributes
                0x000002fa       0x34 mbed_shield/src/lcd_128x32.o
 .ARM.attributes
                0x0000032e       0x34 src/stm32f4xx_hal_msp.o
 .ARM.attributes
                0x00000362       0x34 src/stm32f4xx_it.o
 .ARM.attributes
                0x00000396       0x34 src/main.o
 .ARM.attributes
                0x000003ca       0x21 startup/startup_stm32f411xe.o
 .ARM.attributes
                0x000003eb       0x34 C:/ST/STM32CubeIDE_1.16.1/STM32CubeIDE/plugins/com.st.stm32cube.ide.mcu.externaltools.gnu-tools-for-stm32.12.3.rel1.win32_1.0.200.202406191623/tools/bin/../lib/gcc/arm-none-eabi/12.3.1/../../../../arm-none-eabi/lib/thumb/v7e-m+fp/hard\libc_nano.a(libc_a-init.o)
 .ARM.attributes
                0x0000041f       0x22 C:/ST/STM32CubeIDE_1.16.1/STM32CubeIDE/plugins/com.st.stm32cube.ide.mcu.externaltools.gnu-tools-for-stm32.12.3.rel1.win32_1.0.200.202406191623/tools/bin/../lib/gcc/arm-none-eabi/12.3.1/thumb/v7e-m+fp/hard\libgcc.a(_arm_addsubdf3.o)
 .ARM.attributes
                0x00000441       0x22 C:/ST/STM32CubeIDE_1.16.1/STM32CubeIDE/plugins/com.st.stm32cube.ide.mcu.externaltools.gnu-tools-for-stm32.12.3.rel1.win32_1.0.200.202406191623/tools/bin/../lib/gcc/arm-none-eabi/12.3.1/thumb/v7e-m+fp/hard\libgcc.a(_arm_muldivdf3.o)
 .ARM.attributes
                0x00000463       0x22 C:/ST/STM32CubeIDE_1.16.1/STM32CubeIDE/plugins/com.st.stm32cube.ide.mcu.externaltools.gnu-tools-for-stm32.12.3.rel1.win32_1.0.200.202406191623/tools/bin/../lib/gcc/arm-none-eabi/12.3.1/thumb/v7e-m+fp/hard\libgcc.a(_arm_truncdfsf2.o)
 .ARM.attributes
                0x00000485       0x34 C:/ST/STM32CubeIDE_1.16.1/STM32CubeIDE/plugins/com.st.stm32cube.ide.mcu.externaltools.gnu-tools-for-stm32.12.3.rel1.win32_1.0.200.202406191623/tools/bin/../lib/gcc/arm-none-eabi/12.3.1/thumb/v7e-m+fp/hard/crtend.o
 .ARM.attributes
                0x000004b9       0x22 C:/ST/STM32CubeIDE_1.16.1/STM32CubeIDE/plugins/com.st.stm32cube.ide.mcu.externaltools.gnu-tools-for-stm32.12.3.rel1.win32_1.0.200.202406191623/tools/bin/../lib/gcc/arm-none-eabi/12.3.1/thumb/v7e-m+fp/hard/crtn.o
OUTPUT(main.elf elf32-littlearm)
LOAD linker stubs
LOAD C:/ST/STM32CubeIDE_1.16.1/STM32CubeIDE/plugins/com.st.stm32cube.ide.mcu.externaltools.gnu-tools-for-stm32.12.3.rel1.win32_1.0.200.202406191623/tools/bin/../lib/gcc/arm-none-eabi/12.3.1/../../../../arm-none-eabi/lib/thumb/v7e-m+fp/hard\libc.a
LOAD C:/ST/STM32CubeIDE_1.16.1/STM32CubeIDE/plugins/com.st.stm32cube.ide.mcu.externaltools.gnu-tools-for-stm32.12.3.rel1.win32_1.0.200.202406191623/tools/bin/../lib/gcc/arm-none-eabi/12.3.1/../../../../arm-none-eabi/lib/thumb/v7e-m+fp/hard\libm.a
LOAD C:/ST/STM32CubeIDE_1.16.1/STM32CubeIDE/plugins/com.st.stm32cube.ide.mcu.externaltools.gnu-tools-for-stm32.12.3.rel1.win32_1.0.200.202406191623/tools/bin/../lib/gcc/arm-none-eabi/12.3.1/thumb/v7e-m+fp/hard\libgcc.a

.debug_info     0x00000000     0x9171
 .debug_info    0x00000000     0x224d startup/stm32f411_periph.o
 .debug_info    0x0000224d       0xf4 startup/sys_handlers.o
 .debug_info    0x00002341      0x5d2 startup/system_stm32f4xx.o
 .debug_info    0x00002913      0x56e STM32F4xx_HAL_Driver/src/stm32f4xx_ll_rcc.o
 .debug_info    0x00002e81      0x52a STM32F4xx_HAL_Driver/src/stm32f4xx_hal_i2c.o
 .debug_info    0x000033ab      0x2e2 STM32F4xx_HAL_Driver/src/util.o
 .debug_info    0x0000368d      0x635 STM32F4xx_HAL_Driver/src/stm32f4xx_hal.o
 .debug_info    0x00003cc2      0xc9f STM32F4xx_HAL_Driver/src/stm32f4xx_hal_cortex.o
 .debug_info    0x00004961      0x5d9 STM32F4xx_HAL_Driver/src/stm32f4xx_hal_uart.o
 .debug_info    0x00004f3a      0x5c0 STM32F4xx_HAL_Driver/src/stm32f4xx_hal_gpio.o
 .debug_info    0x000054fa      0x425 STM32F4xx_HAL_Driver/src/stm32f4xx_hal_tim.o
 .debug_info    0x0000591f      0x43c STM32F4xx_HAL_Driver/src/stm32f4xx_hal_spi.o
 .debug_info    0x00005d5b      0x8b3 LSM6DS3/src/lsm6ds3.o
 .debug_info    0x0000660e      0xd19 mbed_shield/src/lcd_128x32.o
 .debug_info    0x00007327      0xb01 src/stm32f4xx_hal_msp.o
 .debug_info    0x00007e28      0x881 src/stm32f4xx_it.o
 .debug_info    0x000086a9      0xaa6 src/main.o
 .debug_info    0x0000914f       0x22 startup/startup_stm32f411xe.o

.debug_abbrev   0x00000000     0x1d67
 .debug_abbrev  0x00000000      0x16c startup/stm32f411_periph.o
 .debug_abbrev  0x0000016c       0x45 startup/sys_handlers.o
 .debug_abbrev  0x000001b1      0x190 startup/system_stm32f4xx.o
 .debug_abbrev  0x00000341      0x18b STM32F4xx_HAL_Driver/src/stm32f4xx_ll_rcc.o
 .debug_abbrev  0x000004cc      0x199 STM32F4xx_HAL_Driver/src/stm32f4xx_hal_i2c.o
 .debug_abbrev  0x00000665      0x10e STM32F4xx_HAL_Driver/src/util.o
 .debug_abbrev  0x00000773      0x20a STM32F4xx_HAL_Driver/src/stm32f4xx_hal.o
 .debug_abbrev  0x0000097d      0x309 STM32F4xx_HAL_Driver/src/stm32f4xx_hal_cortex.o
 .debug_abbrev  0x00000c86      0x225 STM32F4xx_HAL_Driver/src/stm32f4xx_hal_uart.o
 .debug_abbrev  0x00000eab      0x186 STM32F4xx_HAL_Driver/src/stm32f4xx_hal_gpio.o
 .debug_abbrev  0x00001031      0x146 STM32F4xx_HAL_Driver/src/stm32f4xx_hal_tim.o
 .debug_abbrev  0x00001177      0x174 STM32F4xx_HAL_Driver/src/stm32f4xx_hal_spi.o
 .debug_abbrev  0x000012eb      0x1a1 LSM6DS3/src/lsm6ds3.o
 .debug_abbrev  0x0000148c      0x347 mbed_shield/src/lcd_128x32.o
 .debug_abbrev  0x000017d3      0x229 src/stm32f4xx_hal_msp.o
 .debug_abbrev  0x000019fc      0x162 src/stm32f4xx_it.o
 .debug_abbrev  0x00001b5e      0x1f7 src/main.o
 .debug_abbrev  0x00001d55       0x12 startup/startup_stm32f411xe.o

.debug_aranges  0x00000000      0x240
 .debug_aranges
                0x00000000       0x18 startup/stm32f411_periph.o
 .debug_aranges
                0x00000018       0x20 startup/sys_handlers.o
 .debug_aranges
                0x00000038       0x20 startup/system_stm32f4xx.o
 .debug_aranges
                0x00000058       0x20 STM32F4xx_HAL_Driver/src/stm32f4xx_ll_rcc.o
 .debug_aranges
                0x00000078       0x20 STM32F4xx_HAL_Driver/src/stm32f4xx_hal_i2c.o
 .debug_aranges
                0x00000098       0x20 STM32F4xx_HAL_Driver/src/util.o
 .debug_aranges
                0x000000b8       0x20 STM32F4xx_HAL_Driver/src/stm32f4xx_hal.o
 .debug_aranges
                0x000000d8       0x20 STM32F4xx_HAL_Driver/src/stm32f4xx_hal_cortex.o
 .debug_aranges
                0x000000f8       0x20 STM32F4xx_HAL_Driver/src/stm32f4xx_hal_uart.o
 .debug_aranges
                0x00000118       0x20 STM32F4xx_HAL_Driver/src/stm32f4xx_hal_gpio.o
 .debug_aranges
                0x00000138       0x20 STM32F4xx_HAL_Driver/src/stm32f4xx_hal_tim.o
 .debug_aranges
                0x00000158       0x20 STM32F4xx_HAL_Driver/src/stm32f4xx_hal_spi.o
 .debug_aranges
                0x00000178       0x20 LSM6DS3/src/lsm6ds3.o
 .debug_aranges
                0x00000198       0x20 mbed_shield/src/lcd_128x32.o
 .debug_aranges
                0x000001b8       0x20 src/stm32f4xx_hal_msp.o
 .debug_aranges
                0x000001d8       0x20 src/stm32f4xx_it.o
 .debug_aranges
                0x000001f8       0x20 src/main.o
 .debug_aranges
                0x00000218       0x28 startup/startup_stm32f411xe.o

.debug_line     0x00000000     0x4cf5
 .debug_line    0x00000000      0x262 startup/stm32f411_periph.o
 .debug_line    0x00000262       0x7f startup/sys_handlers.o
 .debug_line    0x000002e1      0x35a startup/system_stm32f4xx.o
 .debug_line    0x0000063b      0x55c STM32F4xx_HAL_Driver/src/stm32f4xx_ll_rcc.o
 .debug_line    0x00000b97      0x5ec STM32F4xx_HAL_Driver/src/stm32f4xx_hal_i2c.o
 .debug_line    0x00001183      0x405 STM32F4xx_HAL_Driver/src/util.o
 .debug_line    0x00001588      0x40f STM32F4xx_HAL_Driver/src/stm32f4xx_hal.o
 .debug_line    0x00001997      0x652 STM32F4xx_HAL_Driver/src/stm32f4xx_hal_cortex.o
 .debug_line    0x00001fe9      0x5eb STM32F4xx_HAL_Driver/src/stm32f4xx_hal_uart.o
 .debug_line    0x000025d4      0x50b STM32F4xx_HAL_Driver/src/stm32f4xx_hal_gpio.o
 .debug_line    0x00002adf      0x4f0 STM32F4xx_HAL_Driver/src/stm32f4xx_hal_tim.o
 .debug_line    0x00002fcf      0x3dc STM32F4xx_HAL_Driver/src/stm32f4xx_hal_spi.o
 .debug_line    0x000033ab      0x477 LSM6DS3/src/lsm6ds3.o
 .debug_line    0x00003822      0xa2f mbed_shield/src/lcd_128x32.o
 .debug_line    0x00004251      0x3a3 src/stm32f4xx_hal_msp.o
 .debug_line    0x000045f4      0x341 src/stm32f4xx_it.o
 .debug_line    0x00004935      0x347 src/main.o
 .debug_line    0x00004c7c       0x79 startup/startup_stm32f411xe.o

.debug_str      0x00000000     0x2d9d
 .debug_str     0x00000000      0xc08 startup/stm32f411_periph.o
                                0xc8c (size before relaxing)
 .debug_str     0x00000c08       0x97 startup/sys_handlers.o
                                0x1f2 (size before relaxing)
 .debug_str     0x00000c9f      0x19c startup/system_stm32f4xx.o
                                0x487 (size before relaxing)
 .debug_str     0x00000e3b       0xeb STM32F4xx_HAL_Driver/src/stm32f4xx_ll_rcc.o
                                0x502 (size before relaxing)
 .debug_str     0x00000f26      0x1bf STM32F4xx_HAL_Driver/src/stm32f4xx_hal_i2c.o
                                0x3ed (size before relaxing)
 .debug_str     0x000010e5       0x91 STM32F4xx_HAL_Driver/src/util.o
                                0x203 (size before relaxing)
 .debug_str     0x00001176      0x6e1 STM32F4xx_HAL_Driver/src/stm32f4xx_hal.o
                                0x8ae (size before relaxing)
 .debug_str     0x00001857      0x30e STM32F4xx_HAL_Driver/src/stm32f4xx_hal_cortex.o
                                0xa97 (size before relaxing)
 .debug_str     0x00001b65      0x198 STM32F4xx_HAL_Driver/src/stm32f4xx_hal_uart.o
                                0x3fc (size before relaxing)
 .debug_str     0x00001cfd      0x104 STM32F4xx_HAL_Driver/src/stm32f4xx_hal_gpio.o
                                0x445 (size before relaxing)
 .debug_str     0x00001e01      0x1b2 STM32F4xx_HAL_Driver/src/stm32f4xx_hal_tim.o
                                0x352 (size before relaxing)
 .debug_str     0x00001fb3      0x124 STM32F4xx_HAL_Driver/src/stm32f4xx_hal_spi.o
                                0x3b3 (size before relaxing)
 .debug_str     0x000020d7      0x837 LSM6DS3/src/lsm6ds3.o
                                0xb1e (size before relaxing)
 .debug_str     0x0000290e      0x218 mbed_shield/src/lcd_128x32.o
                                0x5ca (size before relaxing)
 .debug_str     0x00002b26       0xbe src/stm32f4xx_hal_msp.o
                                0x85e (size before relaxing)
 .debug_str     0x00002be4       0xd6 src/stm32f4xx_it.o
                                0x65c (size before relaxing)
 .debug_str     0x00002cba       0x2c src/main.o
                                0xca7 (size before relaxing)
 .debug_str     0x00002ce6       0xb7 startup/startup_stm32f411xe.o

.comment        0x00000000       0x43
 .comment       0x00000000       0x43 startup/stm32f411_periph.o
                                 0x44 (size before relaxing)
 .comment       0x00000043       0x44 startup/sys_handlers.o
 .comment       0x00000043       0x44 startup/system_stm32f4xx.o
 .comment       0x00000043       0x44 STM32F4xx_HAL_Driver/src/stm32f4xx_ll_rcc.o
 .comment       0x00000043       0x44 STM32F4xx_HAL_Driver/src/stm32f4xx_hal_i2c.o
 .comment       0x00000043       0x44 STM32F4xx_HAL_Driver/src/util.o
 .comment       0x00000043       0x44 STM32F4xx_HAL_Driver/src/stm32f4xx_hal.o
 .comment       0x00000043       0x44 STM32F4xx_HAL_Driver/src/stm32f4xx_hal_cortex.o
 .comment       0x00000043       0x44 STM32F4xx_HAL_Driver/src/stm32f4xx_hal_uart.o
 .comment       0x00000043       0x44 STM32F4xx_HAL_Driver/src/stm32f4xx_hal_gpio.o
 .comment       0x00000043       0x44 STM32F4xx_HAL_Driver/src/stm32f4xx_hal_tim.o
 .comment       0x00000043       0x44 STM32F4xx_HAL_Driver/src/stm32f4xx_hal_spi.o
 .comment       0x00000043       0x44 LSM6DS3/src/lsm6ds3.o
 .comment       0x00000043       0x44 mbed_shield/src/lcd_128x32.o
 .comment       0x00000043       0x44 src/stm32f4xx_hal_msp.o
 .comment       0x00000043       0x44 src/stm32f4xx_it.o
 .comment       0x00000043       0x44 src/main.o

.debug_frame    0x00000000     0x12bc
 .debug_frame   0x00000000       0x90 startup/sys_handlers.o
 .debug_frame   0x00000090       0x40 startup/system_stm32f4xx.o
 .debug_frame   0x000000d0       0x74 STM32F4xx_HAL_Driver/src/stm32f4xx_ll_rcc.o
 .debug_frame   0x00000144       0xa8 STM32F4xx_HAL_Driver/src/stm32f4xx_hal_i2c.o
 .debug_frame   0x000001ec       0xac STM32F4xx_HAL_Driver/src/util.o
 .debug_frame   0x00000298      0x1f4 STM32F4xx_HAL_Driver/src/stm32f4xx_hal.o
 .debug_frame   0x0000048c      0x31c STM32F4xx_HAL_Driver/src/stm32f4xx_hal_cortex.o
 .debug_frame   0x000007a8      0x124 STM32F4xx_HAL_Driver/src/stm32f4xx_hal_uart.o
 .debug_frame   0x000008cc       0xa4 STM32F4xx_HAL_Driver/src/stm32f4xx_hal_gpio.o
 .debug_frame   0x00000970      0x11c STM32F4xx_HAL_Driver/src/stm32f4xx_hal_tim.o
 .debug_frame   0x00000a8c       0x70 STM32F4xx_HAL_Driver/src/stm32f4xx_hal_spi.o
 .debug_frame   0x00000afc      0x108 LSM6DS3/src/lsm6ds3.o
 .debug_frame   0x00000c04      0x2c0 mbed_shield/src/lcd_128x32.o
 .debug_frame   0x00000ec4      0x128 src/stm32f4xx_hal_msp.o
 .debug_frame   0x00000fec      0x100 src/stm32f4xx_it.o
 .debug_frame   0x000010ec       0x84 src/main.o
 .debug_frame   0x00001170       0x2c C:/ST/STM32CubeIDE_1.16.1/STM32CubeIDE/plugins/com.st.stm32cube.ide.mcu.externaltools.gnu-tools-for-stm32.12.3.rel1.win32_1.0.200.202406191623/tools/bin/../lib/gcc/arm-none-eabi/12.3.1/../../../../arm-none-eabi/lib/thumb/v7e-m+fp/hard\libc_nano.a(libc_a-init.o)
 .debug_frame   0x0000119c       0xac C:/ST/STM32CubeIDE_1.16.1/STM32CubeIDE/plugins/com.st.stm32cube.ide.mcu.externaltools.gnu-tools-for-stm32.12.3.rel1.win32_1.0.200.202406191623/tools/bin/../lib/gcc/arm-none-eabi/12.3.1/thumb/v7e-m+fp/hard\libgcc.a(_arm_addsubdf3.o)
 .debug_frame   0x00001248       0x50 C:/ST/STM32CubeIDE_1.16.1/STM32CubeIDE/plugins/com.st.stm32cube.ide.mcu.externaltools.gnu-tools-for-stm32.12.3.rel1.win32_1.0.200.202406191623/tools/bin/../lib/gcc/arm-none-eabi/12.3.1/thumb/v7e-m+fp/hard\libgcc.a(_arm_muldivdf3.o)
 .debug_frame   0x00001298       0x24 C:/ST/STM32CubeIDE_1.16.1/STM32CubeIDE/plugins/com.st.stm32cube.ide.mcu.externaltools.gnu-tools-for-stm32.12.3.rel1.win32_1.0.200.202406191623/tools/bin/../lib/gcc/arm-none-eabi/12.3.1/thumb/v7e-m+fp/hard\libgcc.a(_arm_truncdfsf2.o)

.debug_ranges   0x00000000       0x20
 .debug_ranges  0x00000000       0x20 startup/startup_stm32f411xe.o
